
##### [17:54:43] 1/4  Bisect at n=5000 (where seq is known-fast at b32) + the n=2000 theory check  (~3 min)
## bisect n=5000 block=32 (real discriminating size)
# n=5000 block=32 reps=1 (min over reps reported)
seqvla    n=5000 | t=  16.5847 s |   15.07 GFLOP/s | max_err=0
mpiflat   n=5000 | t=  16.3147 s |   15.32 GFLOP/s | max_err=0
mpivla    n=5000 | t=  16.7435 s |   14.93 GFLOP/s | max_err=0
nomemset  n=5000 | t=  16.3374 s |   15.30 GFLOP/s | max_err=0
## theory check: the REAL seq binary at n=2000 block=32 (never measured before)
n=2000 block=32 reps=1 | t_min=0.449150 s  t_med=0.449150 s | 35.62 GFLOP/s | max_err=0
n=2000 block=16 reps=1 | t_min=0.667038 s  t_med=0.667038 s | 23.99 GFLOP/s | max_err=0
## vectorization reports (writable path this time): seq kernel vs bisect kernels
./kb.opt.yaml:Pass:            slp-vectorizer
./kb.opt.yaml:  - String:          'Cannot SLP vectorize list: vectorization was impossible'
./kb.opt.yaml:  - String:          ' with available vectorization factors'
./kb.opt.yaml:Pass:            slp-vectorizer
./kb.opt.yaml:  - String:          'List vectorization was possible but not beneficial with cost '
./kb.opt.yaml:Pass:            slp-vectorizer
./kb.opt.yaml:  - String:          'List vectorization was possible but not beneficial with cost '
./kb.opt.yaml:Pass:            slp-vectorizer
./kb.opt.yaml:  - String:          'List vectorization was possible but not beneficial with cost '
./kb.opt.yaml:Pass:            slp-vectorizer
./kb.opt.yaml:  - String:          'List vectorization was possible but not beneficial with cost '
./kb.opt.yaml:Pass:            slp-vectorizer
./kb.opt.yaml:  - String:          'List vectorization was possible but not beneficial with cost '
./kb.opt.yaml:Pass:            slp-vectorizer
./kb.opt.yaml:  - String:          'List vectorization was possible but not beneficial with cost '
./kb.opt.yaml:Pass:            slp-vectorizer
./kb.opt.yaml:Name:            VectorizedHorizontalReduction
./kb.opt.yaml:  - String:          'Vectorized horizontal reduction with cost '
./kb.opt.yaml:Pass:            slp-vectorizer
./kb.opt.yaml:  - String:          'List vectorization was possible but not beneficial with cost '
./kb.opt.yaml:Pass:            slp-vectorizer
./kb.opt.yaml:  - String:          'List vectorization was possible but not beneficial with cost '
./kb.opt.yaml:Pass:            slp-vectorizer
./kb.opt.yaml:  - String:          'List vectorization was possible but not beneficial with cost '
./kb.opt.yaml:Pass:            slp-vectorizer
./kb.opt.yaml:  - String:          'List vectorization was possible but not beneficial with cost '
./kb.opt.yaml:Pass:            slp-vectorizer
./kb.opt.yaml:  - String:          'List vectorization was possible but not beneficial with cost '
./kb.opt.yaml:Pass:            slp-vectorizer
./kb.opt.yaml:  - String:          'List vectorization was possible but not beneficial with cost '
./kb.opt.yaml:Pass:            slp-vectorizer
./kb.opt.yaml:  - String:          'Cannot SLP vectorize list: vectorization was impossible'
./kb.opt.yaml:  - String:          ' with available vectorization factors'
./kb.opt.yaml:Pass:            slp-vectorizer
./kb.opt.yaml:  - String:          'List vectorization was possible but not beneficial with cost '
./kb.opt.yaml:Pass:            slp-vectorizer
./kb.opt.yaml:  - String:          'List vectorization was possible but not beneficial with cost '
./kb.opt.yaml:Pass:            slp-vectorizer
./kb.opt.yaml:  - String:          'List vectorization was possible but not beneficial with cost '
./kb.opt.yaml:Pass:            slp-vectorizer
./seq.opt.yaml:Pass:            slp-vectorizer
./seq.opt.yaml:  - String:          'List vectorization was possible but not beneficial with cost '
./seq.opt.yaml:Pass:            slp-vectorizer
./seq.opt.yaml:  - String:          'List vectorization was possible but not beneficial with cost '
./seq.opt.yaml:Pass:            slp-vectorizer
./seq.opt.yaml:  - String:          'List vectorization was possible but not beneficial with cost '
./seq.opt.yaml:Pass:            slp-vectorizer
./seq.opt.yaml:  - String:          'List vectorization was possible but not beneficial with cost '
./seq.opt.yaml:Pass:            slp-vectorizer
./seq.opt.yaml:  - String:          'List vectorization was possible but not beneficial with cost '
./seq.opt.yaml:Pass:            slp-vectorizer
./seq.opt.yaml:  - String:          'List vectorization was possible but not beneficial with cost '
./seq.opt.yaml:Pass:            slp-vectorizer
./seq.opt.yaml:  - String:          'List vectorization was possible but not beneficial with cost '
./seq.opt.yaml:Pass:            slp-vectorizer
./seq.opt.yaml:  - String:          'List vectorization was possible but not beneficial with cost '
./seq.opt.yaml:Pass:            slp-vectorizer
./seq.opt.yaml:  - String:          'List vectorization was possible but not beneficial with cost '
./seq.opt.yaml:Pass:            slp-vectorizer
./seq.opt.yaml:  - String:          'List vectorization was possible but not beneficial with cost '
./seq.opt.yaml:Pass:            slp-vectorizer
./seq.opt.yaml:  - String:          'List vectorization was possible but not beneficial with cost '
./seq.opt.yaml:Pass:            slp-vectorizer
./seq.opt.yaml:  - String:          'List vectorization was possible but not beneficial with cost '
./seq.opt.yaml:Pass:            slp-vectorizer
./seq.opt.yaml:  - String:          'List vectorization was possible but not beneficial with cost '
./seq.opt.yaml:Pass:            slp-vectorizer
./seq.opt.yaml:  - String:          'List vectorization was possible but not beneficial with cost '
./seq.opt.yaml:Pass:            slp-vectorizer
./seq.opt.yaml:  - String:          'List vectorization was possible but not beneficial with cost '
./seq.opt.yaml:Pass:            slp-vectorizer
./seq.opt.yaml:  - String:          'List vectorization was possible but not beneficial with cost '
./seq.opt.yaml:Pass:            slp-vectorizer
./seq.opt.yaml:  - String:          'List vectorization was possible but not beneficial with cost '
./seq.opt.yaml:Pass:            slp-vectorizer
./seq.opt.yaml:  - String:          'Cannot SLP vectorize list: vectorization was impossible'
./seq.opt.yaml:  - String:          ' with available vectorization factors'
./seq.opt.yaml:Pass:            slp-vectorizer
./seq.opt.yaml:  - String:          'List vectorization was possible but not beneficial with cost '
./seq.opt.yaml:Pass:            slp-vectorizer
./kernel_bisect.optrpt:    remark #15300: LOOP WAS VECTORIZED
./kernel_bisect.optrpt:    remark #15305: vectorization support: vector length 4
./kernel_bisect.optrpt:    remark #15475: --- begin vector loop cost summary ---
./kernel_bisect.optrpt:    remark #15477: vector cost: 1.937500 
./kernel_bisect.optrpt:    remark #15309: vectorization support: normalized vectorization overhead 1.031250
./kernel_bisect.optrpt:    remark #15482: vectorized math library calls: 0 
./kernel_bisect.optrpt:    remark #15484: vector function calls: 0 
./kernel_bisect.optrpt:    remark #15488: --- end vector loop cost summary ---
./kernel_bisect.optrpt:    remark #15447: --- begin vector loop memory reference summary ---
./kernel_bisect.optrpt:    remark #15497: vector compress: 0 
./kernel_bisect.optrpt:    remark #15498: vector expand: 0 
./kernel_bisect.optrpt:    remark #15474: --- end vector loop memory reference summary ---
./kernel_bisect.optrpt:<Remainder loop for vectorization>
./kernel_bisect.optrpt:        remark #15553: loop was not vectorized: outer loop is not an auto-vectorization candidate.
./kernel_bisect.optrpt:            remark #15553: loop was not vectorized: outer loop is not an auto-vectorization candidate.
./kernel_bisect.optrpt:                remark #15553: loop was not vectorized: outer loop is not an auto-vectorization candidate.
./kernel_bisect.optrpt:                    remark #15553: loop was not vectorized: outer loop is not an auto-vectorization candidate.
./kernel_bisect.optrpt:                        remark #15553: loop was not vectorized: outer loop is not an auto-vectorization candidate.
./kernel_bisect.optrpt:                            remark #15300: LOOP WAS VECTORIZED
./kernel_bisect.optrpt:                            remark #15305: vectorization support: vector length 4
./kernel_bisect.optrpt:                            remark #15475: --- begin vector loop cost summary ---
./kernel_bisect.optrpt:                            remark #15477: vector cost: 3.187500 
./kernel_bisect.optrpt:                            remark #15309: vectorization support: normalized vectorization overhead 0.625000
./kernel_bisect.optrpt:                            remark #15482: vectorized math library calls: 0 
./kernel_bisect.optrpt:                            remark #15484: vector function calls: 0 
./kernel_bisect.optrpt:                            remark #15488: --- end vector loop cost summary ---
./kernel_bisect.optrpt:                            remark #15447: --- begin vector loop memory reference summary ---
./kernel_bisect.optrpt:                            remark #15497: vector compress: 0 
./kernel_bisect.optrpt:                            remark #15498: vector expand: 0 
./kernel_bisect.optrpt:                            remark #15474: --- end vector loop memory reference summary ---
./kernel_bisect.optrpt:                        <Remainder loop for vectorization>
./kernel_bisect.optrpt:        remark #15553: loop was not vectorized: outer loop is not an auto-vectorization candidate.
./kernel_bisect.optrpt:            remark #15553: loop was not vectorized: outer loop is not an auto-vectorization candidate.
./kernel_bisect.optrpt:                remark #15553: loop was not vectorized: outer loop is not an auto-vectorization candidate.
./kernel_bisect.optrpt:                    remark #15553: loop was not vectorized: outer loop is not an auto-vectorization candidate.
./kernel_bisect.optrpt:                        remark #25540: Loop unrolled and jammed by 8
./kernel_bisect.optrpt:                        remark #15553: loop was not vectorized: outer loop is not an auto-vectorization candidate.
./kernel_bisect.optrpt:                            remark #15300: LOOP WAS VECTORIZED
./kernel_bisect.optrpt:                            remark #15305: vectorization support: vector length 4
./kernel_bisect.optrpt:                            remark #15475: --- begin vector loop cost summary ---
./matmul_seq.optrpt:    remark #15553: loop was not vectorized: outer loop is not an auto-vectorization candidate.
./matmul_seq.optrpt:        remark #15300: LOOP WAS VECTORIZED
./matmul_seq.optrpt:        remark #15305: vectorization support: vector length 4
./matmul_seq.optrpt:        remark #15475: --- begin vector loop cost summary ---
./matmul_seq.optrpt:        remark #15477: vector cost: 2.187500 
./matmul_seq.optrpt:        remark #15309: vectorization support: normalized vectorization overhead 0.906250
./matmul_seq.optrpt:        remark #15482: vectorized math library calls: 0 
./matmul_seq.optrpt:        remark #15484: vector function calls: 0 
./matmul_seq.optrpt:        remark #15488: --- end vector loop cost summary ---
./matmul_seq.optrpt:        remark #15447: --- begin vector loop memory reference summary ---
./matmul_seq.optrpt:        remark #15497: vector compress: 0 
./matmul_seq.optrpt:        remark #15498: vector expand: 0 
./matmul_seq.optrpt:        remark #15474: --- end vector loop memory reference summary ---
./matmul_seq.optrpt:    <Remainder loop for vectorization>
./matmul_seq.optrpt:        remark #15553: loop was not vectorized: outer loop is not an auto-vectorization candidate.
./matmul_seq.optrpt:            remark #15553: loop was not vectorized: outer loop is not an auto-vectorization candidate.
./matmul_seq.optrpt:                remark #15553: loop was not vectorized: outer loop is not an auto-vectorization candidate.
./matmul_seq.optrpt:                    remark #15553: loop was not vectorized: outer loop is not an auto-vectorization candidate.
./matmul_seq.optrpt:                        remark #25540: Loop unrolled and jammed by 8
./matmul_seq.optrpt:                        remark #15553: loop was not vectorized: outer loop is not an auto-vectorization candidate.
./matmul_seq.optrpt:                            remark #15300: LOOP WAS VECTORIZED
./matmul_seq.optrpt:                            remark #15305: vectorization support: vector length 4
./matmul_seq.optrpt:                            remark #15475: --- begin vector loop cost summary ---
./matmul_seq.optrpt:                            remark #15477: vector cost: 15.000000 
./matmul_seq.optrpt:                            remark #15309: vectorization support: normalized vectorization overhead 0.125000
./matmul_seq.optrpt:                            remark #15482: vectorized math library calls: 0 
./matmul_seq.optrpt:                            remark #15484: vector function calls: 0 
./matmul_seq.optrpt:                            remark #15488: --- end vector loop cost summary ---
./matmul_seq.optrpt:                            remark #15447: --- begin vector loop memory reference summary ---
./matmul_seq.optrpt:                            remark #15497: vector compress: 0 
./matmul_seq.optrpt:                            remark #15498: vector expand: 0 
./matmul_seq.optrpt:                            remark #15474: --- end vector loop memory reference summary ---
./matmul_seq.optrpt:                        <Remainder loop for vectorization>
./matmul_seq.optrpt:                    <Remainder loop>
./matmul_seq.optrpt:                        remark #15553: loop was not vectorized: outer loop is not an auto-vectorization candidate.
./matmul_seq.optrpt:                            remark #15300: LOOP WAS VECTORIZED
./matmul_seq.optrpt:                            remark #15305: vectorization support: vector length 4
./matmul_seq.optrpt:                            remark #15475: --- begin vector loop cost summary ---
./matmul_seq.optrpt:                            remark #15477: vector cost: 3.187500 
./matmul_seq.optrpt:                            remark #15309: vectorization support: normalized vectorization overhead 0.625000

##### [17:55:52] 2/4  Block-size sweep on the REAL MPI binary, flat and VLA variants  (~3 min)
## MPI-binary block sweep, n=5000, direct run
flat b=0 : mpi n=5000 block=0 procs=1 mode=collective reps=1 | t_tot=9.758608 s (comm=0.061180 comp=9.697428, comm%=0.6) | 25.62 GFLOP/s | max_err=0
flat b=16 : mpi n=5000 block=16 procs=1 mode=collective reps=1 | t_tot=20.995002 s (comm=0.062204 comp=20.932798, comm%=0.3) | 11.91 GFLOP/s | max_err=0
flat b=24 : mpi n=5000 block=24 procs=1 mode=collective reps=1 | t_tot=19.684205 s (comm=0.062360 comp=19.621845, comm%=0.3) | 12.70 GFLOP/s | max_err=0
flat b=32 : mpi n=5000 block=32 procs=1 mode=collective reps=1 | t_tot=16.784697 s (comm=0.061328 comp=16.723369, comm%=0.4) | 14.89 GFLOP/s | max_err=0
vla b=0 : mpi n=5000 block=0 procs=1 mode=collective reps=1 | t_tot=9.734838 s (comm=0.061735 comp=9.673103, comm%=0.6) | 25.68 GFLOP/s | max_err=0
vla b=16 : mpi n=5000 block=16 procs=1 mode=collective reps=1 | t_tot=21.453881 s (comm=0.061365 comp=21.392516, comm%=0.3) | 11.65 GFLOP/s | max_err=0
vla b=24 : mpi n=5000 block=24 procs=1 mode=collective reps=1 | t_tot=19.538106 s (comm=0.063812 comp=19.474295, comm%=0.3) | 12.80 GFLOP/s | max_err=0
vla b=32 : mpi n=5000 block=32 procs=1 mode=collective reps=1 | t_tot=16.789384 s (comm=0.061306 comp=16.728078, comm%=0.4) | 14.89 GFLOP/s | max_err=0
>> WINNER: variant=vla block=0 at 25.68 GFLOP/s (seq best is 32.2 b32 / 24.9 b0)
